[2026-10-06T12:29:45.681Z] POST /api/guestbook
[2026-10-06T12:29:45.693Z] GET /api/guestbook
[2026-10-06T12:30:29.989Z] GET /guestbook
[2026-10-06T12:30:30.002Z] GET /css/styles.css
[2026-10-06T12:30:30.004Z] GET /js/logout.js
[2026-10-06T12:30:30.003Z] GET /js/guestbook.js
[2026-10-06T12:30:30.017Z] GET /.well-known/appspecific/com.chrome.devtools.json
[2026-10-06T12:30:34.715Z] POST /api/guestbook
[2026-10-06T12:30:34.720Z] GET /api/guestbook
[2026-10-06T12:34:22.392Z] GET /guestbook
[2026-10-06T12:34:22.404Z] GET /
[2026-10-06T12:34:22.415Z] GET /css/styles.css
[2026-10-06T12:34:22.427Z] GET /.well-known/appspecific/com.chrome.devtools.json
[2026-10-06T12:34:25.748Z] GET /api/whoami
[2026-10-06T12:34:29.875Z] POST /login
[2026-10-06T12:34:29.880Z] GET /api/whoami
[2026-10-06T12:34:29.889Z] GET /
[2026-10-06T12:34:29.898Z] GET /css/styles.css
[2026-10-06T12:34:29.909Z] GET /.well-known/appspecific/com.chrome.devtools.json
[2026-10-06T12:34:29.944Z] GET /api/whoami
[2026-10-06T12:34:31.294Z] GET /guestbook
[2026-10-06T12:34:31.302Z] GET /css/styles.css
[2026-10-06T12:34:31.304Z] GET /js/logout.js
[2026-10-06T12:34:31.305Z] GET /js/guestbook.js
[2026-10-06T12:34:31.310Z] GET /.well-known/appspecific/com.chrome.devtools.json
[2026-10-06T12:34:36.938Z] POST /api/guestbook
[2026-10-06T12:34:36.955Z] GET /api/guestbook
[2026-10-06T12:36:00.539Z] GET /guestbook/pee
[2026-10-06T12:36:00.548Z] GET /css/styles.css
[2026-10-06T12:36:00.573Z] GET /.well-known/appspecific/com.chrome.devtools.json
[2026-10-06T12:36:18.875Z] GET /api/free
[2026-10-06T12:36:18.898Z] GET /.well-known/appspecific/com.chrome.devtools.json
[2026-10-06T12:36:22.984Z] GET /guestbook/pee
[2026-10-06T12:36:22.994Z] GET /css/styles.css
[2026-10-06T12:36:23.008Z] GET /.well-known/appspecific/com.chrome.devtools.json
[2026-10-06T12:36:25.643Z] GET /guestbook/
[2026-10-06T12:36:25.651Z] GET /css/styles.css
[2026-10-06T12:36:25.657Z] GET /js/guestbook.js
[2026-10-06T12:36:25.655Z] GET /js/logout.js
[2026-10-06T12:36:25.668Z] GET /.well-known/appspecific/com.chrome.devtools.json
[2026-10-06T12:36:35.991Z] GET /
[2026-10-06T12:36:35.998Z] GET /css/styles.css
[2026-10-06T12:36:36.012Z] GET /.well-known/appspecific/com.chrome.devtools.json
[2026-10-06T12:36:36.044Z] GET /api/whoami
[2026-10-06T12:36:38.450Z] GET /guestbook
[2026-10-06T12:36:38.457Z] GET /css/styles.css
[2026-10-06T12:36:38.460Z] GET /js/logout.js
[2026-10-06T12:36:38.461Z] GET /js/guestbook.js
[2026-10-06T12:36:38.470Z] GET /.well-known/appspecific/com.chrome.devtools.json
[2026-10-06T12:36:41.107Z] POST /api/guestbook
[2026-10-06T12:36:41.108Z] ERROR POST /api/guestbook: Expected ',' or ']' after array element in JSON at position 136 (line 7 column 4)
[2026-10-06T12:36:50.818Z] GET /guestbook
[2026-10-06T12:36:50.825Z] GET /css/styles.css
[2026-10-06T12:36:50.827Z] GET /js/guestbook.js
[2026-10-06T12:36:50.829Z] GET /js/logout.js
[2026-10-06T12:36:50.839Z] GET /.well-known/appspecific/com.chrome.devtools.json
[2026-10-06T12:36:59.605Z] POST /api/guestbook
[2026-10-06T12:36:59.607Z] ERROR POST /api/guestbook: Expected ',' or ']' after array element in JSON at position 136 (line 7 column 4)
[2026-10-06T12:38:33.976Z] GET /guestbook
[2026-10-06T12:38:33.985Z] GET /css/styles.css
[2026-10-06T12:38:33.988Z] GET /js/guestbook.js
[2026-10-06T12:38:33.986Z] GET /js/logout.js
[2026-10-06T12:38:34.000Z] GET /.well-known/appspecific/com.chrome.devtools.json
[2026-10-06T12:38:41.450Z] POST /api/guestbook
[2026-10-06T12:38:41.461Z] GET /api/guestbook
[2026-10-06T12:38:52.468Z] GET /guestbook
[2026-10-06T12:38:52.476Z] GET /css/styles.css
[2026-10-06T12:38:52.478Z] GET /js/logout.js
[2026-10-06T12:38:52.480Z] GET /js/guestbook.js
[2026-10-06T12:38:52.492Z] GET /.well-known/appspecific/com.chrome.devtools.json
[2026-10-06T12:38:55.393Z] POST /api/guestbook
[2026-10-06T12:38:55.395Z] ERROR POST /api/guestbook: Expected ',' or ']' after array element in JSON at position 275 (line 14 column 3)
[2026-10-06T12:39:08.517Z] GET /guestbook
[2026-10-06T12:39:08.529Z] GET /css/styles.css
[2026-10-06T12:39:08.532Z] GET /js/guestbook.js
[2026-10-06T12:39:08.532Z] GET /js/logout.js
[2026-10-06T12:39:08.543Z] GET /.well-known/appspecific/com.chrome.devtools.json
[2026-10-06T12:47:24.650Z] POST /api/guestbook
[2026-10-06T12:47:24.657Z] GET /api/guestbook
[2026-10-06T12:49:00.454Z] GET /guestbook
[2026-10-06T12:49:00.461Z] GET /css/styles.css
[2026-10-06T12:49:00.464Z] GET /js/logout.js
[2026-10-06T12:49:00.465Z] GET /js/guestbook.js
[2026-10-06T12:49:00.475Z] GET /.well-known/appspecific/com.chrome.devtools.json
[2026-10-06T12:49:06.390Z] GET /projects
[2026-10-06T12:49:06.397Z] GET /css/styles.css
[2026-10-06T12:49:06.407Z] GET /.well-known/appspecific/com.chrome.devtools.json
[2026-10-06T12:49:07.453Z] GET /guestbook
[2026-10-06T12:49:07.459Z] GET /css/styles.css
[2026-10-06T12:49:07.460Z] GET /js/guestbook.js
[2026-10-06T12:49:07.461Z] GET /js/logout.js
[2026-10-06T12:49:07.471Z] GET /.well-known/appspecific/com.chrome.devtools.json
[2026-10-06T12:49:09.657Z] POST /logout
[2026-10-06T12:49:09.667Z] GET /
[2026-10-06T12:49:09.675Z] GET /css/styles.css
[2026-10-06T12:49:09.684Z] GET /.well-known/appspecific/com.chrome.devtools.json
[2026-10-06T12:49:09.731Z] GET /api/whoami
[2026-10-06T12:49:15.999Z] GET /
[2026-10-06T12:49:16.018Z] GET /css/styles.css
[2026-10-06T12:49:16.024Z] GET /.well-known/appspecific/com.chrome.devtools.json
[2026-10-06T12:49:16.056Z] GET /api/whoami
[2026-10-06T12:49:19.144Z] POST /login
[2026-10-06T12:49:19.149Z] GET /api/whoami
[2026-10-06T12:49:19.158Z] GET /
[2026-10-06T12:49:19.167Z] GET /css/styles.css
[2026-10-06T12:49:19.178Z] GET /.well-known/appspecific/com.chrome.devtools.json
[2026-10-06T12:49:19.208Z] GET /api/whoami
[2026-10-06T12:49:20.478Z] GET /guestbook
[2026-10-06T12:49:20.486Z] GET /css/styles.css
[2026-10-06T12:49:20.489Z] GET /js/logout.js
[2026-10-06T12:49:20.490Z] GET /js/guestbook.js
[2026-10-06T12:49:20.496Z] GET /.well-known/appspecific/com.chrome.devtools.json
[2026-10-06T12:49:23.635Z] POST /api/guestbook
[2026-10-06T12:49:23.638Z] ERROR POST /api/guestbook: Unexpected non-whitespace character after JSON at position 411 (line 21 column 1)
[2026-10-06T12:53:25.007Z] GET /
[2026-10-06T12:53:25.014Z] GET /css/styles.css
[2026-10-06T12:53:25.028Z] GET /.well-known/appspecific/com.chrome.devtools.json
[2026-10-06T12:53:25.090Z] GET /api/whoami
[2026-10-06T12:53:41.641Z] GET /
[2026-10-06T12:53:41.661Z] GET /css/styles.css
[2026-10-06T12:53:41.670Z] GET /.well-known/appspecific/com.chrome.devtools.json
[2026-10-06T12:53:43.551Z] GET /api/whoami
[2026-10-06T12:53:46.192Z] POST /login
[2026-10-06T12:53:46.195Z] GET /api/whoami
[2026-10-06T12:53:46.203Z] GET /
[2026-10-06T12:53:46.212Z] GET /css/styles.css
[2026-10-06T12:53:46.224Z] GET /.well-known/appspecific/com.chrome.devtools.json
[2026-10-06T12:53:46.254Z] GET /api/whoami
[2026-10-06T12:53:47.136Z] GET /guestbook
[2026-10-06T12:53:47.143Z] GET /css/styles.css
[2026-10-06T12:53:47.146Z] GET /js/logout.js
[2026-10-06T12:53:47.147Z] GET /js/guestbook.js
[2026-10-06T12:53:47.156Z] GET /.well-known/appspecific/com.chrome.devtools.json
[2026-10-06T12:53:50.677Z] POST /api/guestbook
[2026-10-06T12:53:50.678Z] ERROR POST /api/guestbook: Expected ',' or ']' after array element in JSON at position 411 (line 20 column 3)
[2026-10-06T12:59:07.980Z] GET /guestbook
[2026-10-06T12:59:07.997Z] GET /
[2026-10-06T12:59:08.009Z] GET /css/styles.css
[2026-10-06T12:59:08.026Z] GET /.well-known/appspecific/com.chrome.devtools.json
[2026-10-06T12:59:11.088Z] GET /api/whoami
[2026-10-06T12:59:14.316Z] POST /login
[2026-10-06T12:59:14.322Z] GET /api/whoami
[2026-10-06T12:59:14.331Z] GET /
[2026-10-06T12:59:14.339Z] GET /css/styles.css
[2026-10-06T12:59:14.346Z] GET /.well-known/appspecific/com.chrome.devtools.json
[2026-10-06T12:59:14.421Z] GET /api/whoami
[2026-10-06T12:59:15.497Z] GET /dashboard
[2026-10-06T12:59:15.515Z] GET /.well-known/appspecific/com.chrome.devtools.json
[2026-10-06T12:59:16.595Z] GET /css/styles.css
[2026-10-06T12:59:16.598Z] GET /.well-known/appspecific/com.chrome.devtools.json
[2026-10-06T12:59:16.601Z] GET /.well-known/appspecific/com.chrome.devtools.json
[2026-10-06T12:59:17.825Z] GET /guestbook
[2026-10-06T12:59:17.832Z] GET /css/styles.css
[2026-10-06T12:59:17.834Z] GET /js/logout.js
[2026-10-06T12:59:17.836Z] GET /js/guestbook.js
[2026-10-06T12:59:17.845Z] GET /.well-known/appspecific/com.chrome.devtools.json
[2026-10-06T12:59:20.582Z] ERROR POST /api/guestbook: Expected ',' or ']' after array element in JSON at position 411 (line 20 column 3)
[2026-10-06T12:59:20.580Z] POST /api/guestbook
[2026-10-06T13:07:38.319Z] GET /guestbook/time
[2026-10-06T13:07:38.341Z] GET /css/styles.css
[2026-10-06T13:07:38.367Z] GET /.well-known/appspecific/com.chrome.devtools.json
[2026-10-06T13:07:46.467Z] GET /
[2026-10-06T13:07:46.475Z] GET /css/styles.css
[2026-10-06T13:07:46.504Z] GET /api/whoami
[2026-10-06T13:07:54.972Z] GET /lol
[2026-10-06T13:07:54.979Z] GET /css/styles.css
[2026-10-06T13:08:15.315Z] GET /
[2026-10-06T13:08:15.321Z] GET /css/styles.css
[2026-10-06T13:08:15.324Z] GET /api/whoami
[2026-10-06T13:08:19.446Z] POST /login
[2026-10-06T13:08:19.450Z] GET /api/whoami
[2026-10-06T13:08:19.458Z] GET /
[2026-10-06T13:08:19.465Z] GET /css/styles.css
[2026-10-06T13:08:19.468Z] GET /api/whoami
[2026-10-06T13:08:20.274Z] GET /dashboard
[2026-10-06T13:09:48.568Z] GET /dashboard
[2026-10-06T13:09:53.379Z] GET /dashboard
[2026-10-06T13:09:53.392Z] GET /
[2026-10-06T13:09:53.398Z] GET /css/styles.css
[2026-10-06T13:09:53.402Z] GET /api/whoami
[2026-10-06T13:09:56.064Z] POST /login
[2026-10-06T13:09:56.068Z] GET /api/whoami
[2026-10-06T13:09:56.075Z] GET /
[2026-10-06T13:09:56.080Z] GET /css/styles.css
[2026-10-06T13:09:56.084Z] GET /api/whoami
[2026-10-06T13:09:57.173Z] GET /dashboard
[2026-10-06T13:10:07.338Z] GET /dashboard
[2026-10-06T13:10:36.484Z] GET /dashboard
[2026-10-06T13:10:36.497Z] GET /
[2026-10-06T13:10:36.504Z] GET /css/styles.css
[2026-10-06T13:10:36.508Z] GET /api/whoami
[2026-10-06T13:11:14.540Z] GET /dashboard
[2026-10-06T13:11:14.543Z] GET /
[2026-10-06T13:11:14.551Z] GET /css/styles.css
[2026-10-06T13:11:14.555Z] GET /api/whoami
[2026-10-06T13:11:15.739Z] GET /guestbook
[2026-10-06T13:11:15.743Z] GET /
[2026-10-06T13:11:15.750Z] GET /css/styles.css
[2026-10-06T13:11:15.753Z] GET /api/whoami
[2026-10-06T13:11:16.219Z] GET /projects
[2026-10-06T13:11:16.224Z] GET /css/styles.css
[2026-10-06T13:11:16.836Z] GET /
[2026-10-06T13:11:16.841Z] GET /css/styles.css
[2026-10-06T13:11:16.845Z] GET /api/whoami
[2026-10-06T13:11:19.721Z] POST /login
[2026-10-06T13:11:19.726Z] GET /api/whoami
[2026-10-06T13:11:19.734Z] GET /
[2026-10-06T13:11:19.740Z] GET /css/styles.css
[2026-10-06T13:11:19.743Z] GET /api/whoami
[2026-10-06T13:11:21.803Z] GET /projects
[2026-10-06T13:11:21.809Z] GET /css/styles.css
[2026-10-06T13:11:22.609Z] GET /guestbook
[2026-10-06T13:11:22.616Z] GET /css/styles.css
[2026-10-06T13:11:22.618Z] GET /js/logout.js
[2026-10-06T13:11:22.619Z] GET /js/guestbook.js
[2026-10-06T13:11:24.468Z] GET /dashboard
[2026-10-06T13:14:39.221Z] GET /api/lol
[2026-10-06T13:16:18.867Z] GET /guestbook
[2026-10-06T13:16:18.880Z] GET /
[2026-10-06T13:16:18.886Z] GET /css/styles.css
[2026-10-06T13:16:18.890Z] GET /api/whoami
[2026-10-06T13:16:22.494Z] POST /login
[2026-10-06T13:16:22.497Z] GET /api/whoami
[2026-10-06T13:16:22.505Z] GET /
[2026-10-06T13:16:22.513Z] GET /css/styles.css
[2026-10-06T13:16:22.516Z] GET /api/whoami
[2026-10-06T13:16:23.442Z] GET /guestbook
[2026-10-06T13:16:23.448Z] GET /css/styles.css
[2026-10-06T13:16:23.450Z] GET /js/guestbook.js
[2026-10-06T13:16:23.451Z] GET /js/logout.js
[2026-10-06T13:16:26.808Z] POST /api/guestbook
[2026-10-06T13:16:26.810Z] ERROR POST /api/guestbook: Expected ',' or '}' after property value in JSON at position 409 (line 19 column 5)
